C:\projects\AstralSolver\AstralSolver.Tests\bin\Release\net10.0-windows\AstralSolver.Tests.dll (.NETCoreApp,Version=v10.0) ???????????
VSTest ??????????? 18.0.1 (x64)

??????????????????????????????????...
????1 ?????????????????????????????????????????????

???!   -????     0?????:    53????????:     0?????    53????? 544 ms - AstralSolver.Tests.dll (net10.0)
